// Jest Snapshot v1, https://goo.gl/fbAQLP

exports[`Group reducer should return mocked data 1`] = `
Object {
  "avatar": "",
  "created_at": "2022-04-13T16:43:19.248Z",
  "description": "6year olders",
  "gid": 3,
  "name": "Crocodiles",
  "notes": "some interesting details",
  "updated_at": "2022-04-13T16:43:19.248Z",
}
`;
