// Jest Snapshot v1, https://goo.gl/fbAQLP

exports[`Children reducer should return stored data 1`] = `
Array [
  Object {
    "created_at": "2022-01-27T08:55:07.942Z",
    "group": "Oposy",
    "id": 6,
    "name": "Ala",
    "surname": "Rawecka",
    "updated_at": "2022-01-27T08:55:07.942Z",
  },
  Object {
    "created_at": "2022-01-24T00:08:16.967Z",
    "group": "Żabki",
    "id": 1,
    "name": "Jack",
    "surname": "Smith",
    "updated_at": "2022-01-24T00:08:16.967Z",
  },
  Object {
    "created_at": "2022-01-24T00:08:55.735Z",
    "group": "Krokodylki",
    "id": 3,
    "name": "John",
    "surname": "Doe",
    "updated_at": "2022-01-24T00:09:08.131Z",
  },
  Object {
    "created_at": "2022-01-24T00:08:31.474Z",
    "group": "Krokodylki",
    "id": 2,
    "name": "Mary",
    "surname": "Jane",
    "updated_at": "2022-01-24T00:08:31.474Z",
  },
  Object {
    "created_at": "2022-01-24T22:37:07.096Z",
    "group": "Żabki",
    "id": 4,
    "name": "Peppa",
    "surname": "Pig",
    "updated_at": "2022-01-24T22:37:07.096Z",
  },
  Object {
    "created_at": "2022-01-27T08:52:45.470Z",
    "group": "Oposy",
    "id": 5,
    "name": "Zosia",
    "surname": "Sebastiańska",
    "updated_at": "2022-01-27T08:52:45.470Z",
  },
]
`;
